Component: ARM Compiler 5.05 update 1 (build 106) Tool: armlink [4d0efa]

==============================================================================

Section Cross References

    startup_stm32f10x_md.o(RESET) refers to startup_stm32f10x_md.o(STACK) for __initial_sp
    startup_stm32f10x_md.o(RESET) refers to startup_stm32f10x_md.o(.text) for Reset_Handler
    startup_stm32f10x_md.o(RESET) refers to stm32f10x_it.o(.text) for NMI_Handler
    startup_stm32f10x_md.o(RESET) refers to exti.o(.text) for EXTI15_10_IRQHandler
    startup_stm32f10x_md.o(.text) refers to entry.o(.ARM.Collect$$$$00000000) for __main
    stm32f10x_gpio.o(.text) refers to stm32f10x_rcc.o(.text) for RCC_APB2PeriphResetCmd
    stm32f10x_rcc.o(.text) refers to stm32f10x_rcc.o(.data) for APBAHBPrescTable
    stm32f10x_usart.o(.text) refers to stm32f10x_rcc.o(.text) for RCC_APB2PeriphResetCmd
    stm32f10x_tim.o(.text) refers to stm32f10x_rcc.o(.text) for RCC_APB2PeriphResetCmd
    stm32f10x_spi.o(.text) refers to stm32f10x_rcc.o(.text) for RCC_APB2PeriphResetCmd
    stm32f10x_adc.o(.text) refers to stm32f10x_rcc.o(.text) for RCC_APB2PeriphResetCmd
    usart.o(.text) refers to stm32f10x_rcc.o(.text) for RCC_APB2PeriphClockCmd
    usart.o(.text) refers to stm32f10x_gpio.o(.text) for GPIO_Init
    usart.o(.text) refers to stm32f10x_usart.o(.text) for USART_Init
    systick.o(.text) refers to system_stm32f10x.o(.constdata) for SystemFrequency
    systick.o(.text) refers to systick.o(.data) for TimingDelay
    spi.o(.text) refers to stm32f10x_spi.o(.text) for SPI_Cmd
    spi.o(.text) refers to stm32f10x_rcc.o(.text) for RCC_APB2PeriphClockCmd
    spi.o(.text) refers to stm32f10x_gpio.o(.text) for GPIO_Init
    exti.o(.text) refers to stm32f10x_rcc.o(.text) for RCC_APB2PeriphClockCmd
    exti.o(.text) refers to stm32f10x_gpio.o(.text) for GPIO_Init
    exti.o(.text) refers to stm32f10x_exti.o(.text) for EXTI_Init
    exti.o(.text) refers to misc.o(.text) for NVIC_PriorityGroupConfig
    exti.o(.text) refers to 24l01.o(.text) for NRF24L01_IRQ_Handle
    adc.o(.text) refers to stm32f10x_rcc.o(.text) for RCC_AHBPeriphClockCmd
    adc.o(.text) refers to stm32f10x_gpio.o(.text) for GPIO_Init
    adc.o(.text) refers to stm32f10x_dma.o(.text) for DMA_DeInit
    adc.o(.text) refers to stm32f10x_adc.o(.text) for ADC_Init
    adc.o(.text) refers to adc.o(.bss) for ADC_ConvertedValue
    stmflash.o(.text) refers to stm32f10x_flash.o(.text) for FLASH_ProgramHalfWord
    stmflash.o(.text) refers to stmflash.o(.bss) for STMFLASH_BUF
    led.o(.text) refers to stm32f10x_rcc.o(.text) for RCC_APB2PeriphClockCmd
    led.o(.text) refers to stm32f10x_gpio.o(.text) for GPIO_PinRemapConfig
    24l01.o(.text) refers to stm32f10x_rcc.o(.text) for RCC_APB2PeriphClockCmd
    24l01.o(.text) refers to stm32f10x_gpio.o(.text) for GPIO_Init
    24l01.o(.text) refers to spi.o(.text) for SPI1_Init
    24l01.o(.text) refers to exti.o(.text) for EXTI_PA11_24L01_Init
    24l01.o(.text) refers to printf3.o(i.__0printf$3) for __2printf
    24l01.o(.text) refers to 24l01.o(.data) for TX_ADDRESS
    key.o(.text) refers to stm32f10x_rcc.o(.text) for RCC_APB2PeriphClockCmd
    key.o(.text) refers to stm32f10x_gpio.o(.text) for GPIO_PinRemapConfig
    comprotocol.o(.text) refers to 24l01.o(.text) for NRF24L01_Tx
    comprotocol.o(.text) refers to comprotocol.o(.bss) for BUF_T
    rcencode.o(.text) refers to fflti.o(.text) for __aeabi_i2f
    rcencode.o(.text) refers to fdiv.o(.text) for __aeabi_fdiv
    rcencode.o(.text) refers to fadd.o(.text) for __aeabi_fadd
    rcencode.o(.text) refers to ffixui.o(.text) for __aeabi_f2uiz
    rcencode.o(.text) refers to stm32f10x_gpio.o(.text) for GPIO_ReadInputDataBit
    rcencode.o(.text) refers to systick.o(.text) for Delay_ms
    rcencode.o(.text) refers to rcencode.o(.data) for cnt
    rcencode.o(.text) refers to rcencode.o(.bss) for add
    rcencode.o(.data) refers to adc.o(.bss) for ADC_ConvertedValue
    timer.o(.text) refers to timer.o(.data) for Timer_reg
    main.o(.text) refers to key.o(.text) for KEY_GPIO_Config
    main.o(.text) refers to led.o(.text) for LED_GPIO_Config
    main.o(.text) refers to stm32f10x_gpio.o(.text) for GPIO_SetBits
    main.o(.text) refers to usart.o(.text) for USART1_Configuration
    main.o(.text) refers to printf3.o(i.__0printf$3) for __2printf
    main.o(.text) refers to adc.o(.text) for ADC1_Init
    main.o(.text) refers to 24l01.o(.text) for NRF24L01_Init
    main.o(.text) refers to system_stm32f10x.o(.text) for SystemInit
    main.o(.text) refers to systick.o(.text) for SysTick_Init
    main.o(.text) refers to stmflash.o(.text) for STMFLASH_Write
    main.o(.text) refers to timer.o(.text) for SetSoftTimer
    main.o(.text) refers to comprotocol.o(.text) for Send_2401RC_Pkg
    main.o(.text) refers to rcencode.o(.text) for RC_RCdat_pkg
    main.o(.text) refers to flash.o(.bss) for FlashRbuf
    main.o(.text) refers to rcencode.o(.data) for RC_dat
    main.o(.text) refers to adc.o(.bss) for ADC_ConvertedValue
    stm32f10x_it.o(.text) refers to timer.o(.text) for SoftTimer
    stm32f10x_it.o(.text) refers to systick.o(.text) for TimingDelay_Decrement
    entry.o(.ARM.Collect$$$$00000000) refers (Special) to entry10a.o(.ARM.Collect$$$$0000000D) for __rt_final_cpp
    entry.o(.ARM.Collect$$$$00000000) refers (Special) to entry11a.o(.ARM.Collect$$$$0000000F) for __rt_final_exit
    entry.o(.ARM.Collect$$$$00000000) refers (Special) to entry7b.o(.ARM.Collect$$$$00000008) for _main_clock
    entry.o(.ARM.Collect$$$$00000000) refers (Special) to entry8b.o(.ARM.Collect$$$$0000000A) for _main_cpp_init
    entry.o(.ARM.Collect$$$$00000000) refers (Special) to entry9a.o(.ARM.Collect$$$$0000000B) for _main_init
    entry.o(.ARM.Collect$$$$00000000) refers (Special) to entry5.o(.ARM.Collect$$$$00000004) for _main_scatterload
    entry.o(.ARM.Collect$$$$00000000) refers (Special) to entry2.o(.ARM.Collect$$$$00000001) for _main_stk
    printfb.o(i.__0fprintf$bare) refers to printfb.o(i._printf_core) for _printf_core
    printfb.o(i.__0fprintf$bare) refers to usart.o(.text) for fputc
    printfb.o(i.__0printf$bare) refers to printfb.o(i._printf_core) for _printf_core
    printfb.o(i.__0printf$bare) refers to usart.o(.text) for fputc
    printfb.o(i.__0printf$bare) refers to stdout.o(.data) for __stdout
    printfb.o(i.__0snprintf$bare) refers to printfb.o(i._printf_core) for _printf_core
    printfb.o(i.__0snprintf$bare) refers to printfb.o(i._snputc) for _snputc
    printfb.o(i.__0sprintf$bare) refers to printfb.o(i._printf_core) for _printf_core
    printfb.o(i.__0sprintf$bare) refers to printfb.o(i._sputc) for _sputc
    printfb.o(i.__0vfprintf$bare) refers to printfb.o(i._printf_core) for _printf_core
    printfb.o(i.__0vfprintf$bare) refers to usart.o(.text) for fputc
    printfb.o(i.__0vprintf$bare) refers to printfb.o(i._printf_core) for _printf_core
    printfb.o(i.__0vprintf$bare) refers to usart.o(.text) for fputc
    printfb.o(i.__0vprintf$bare) refers to stdout.o(.data) for __stdout
    printfb.o(i.__0vsnprintf$bare) refers to printfb.o(i._printf_core) for _printf_core
    printfb.o(i.__0vsnprintf$bare) refers to printfb.o(i._snputc) for _snputc
    printfb.o(i.__0vsprintf$bare) refers to printfb.o(i._printf_core) for _printf_core
    printfb.o(i.__0vsprintf$bare) refers to printfb.o(i._sputc) for _sputc
    printf0.o(i.__0fprintf$0) refers to printf0.o(i._printf_core) for _printf_core
    printf0.o(i.__0fprintf$0) refers to usart.o(.text) for fputc
    printf0.o(i.__0printf$0) refers to printf0.o(i._printf_core) for _printf_core
    printf0.o(i.__0printf$0) refers to usart.o(.text) for fputc
    printf0.o(i.__0printf$0) refers to stdout.o(.data) for __stdout
    printf0.o(i.__0snprintf$0) refers to printf0.o(i._printf_core) for _printf_core
    printf0.o(i.__0snprintf$0) refers to printf0.o(i._snputc) for _snputc
    printf0.o(i.__0sprintf$0) refers to printf0.o(i._printf_core) for _printf_core
    printf0.o(i.__0sprintf$0) refers to printf0.o(i._sputc) for _sputc
    printf0.o(i.__0vfprintf$0) refers to printf0.o(i._printf_core) for _printf_core
    printf0.o(i.__0vfprintf$0) refers to usart.o(.text) for fputc
    printf0.o(i.__0vprintf$0) refers to printf0.o(i._printf_core) for _printf_core
    printf0.o(i.__0vprintf$0) refers to usart.o(.text) for fputc
    printf0.o(i.__0vprintf$0) refers to stdout.o(.data) for __stdout
    printf0.o(i.__0vsnprintf$0) refers to printf0.o(i._printf_core) for _printf_core
    printf0.o(i.__0vsnprintf$0) refers to printf0.o(i._snputc) for _snputc
    printf0.o(i.__0vsprintf$0) refers to printf0.o(i._printf_core) for _printf_core
    printf0.o(i.__0vsprintf$0) refers to printf0.o(i._sputc) for _sputc
    printf1.o(i.__0fprintf$1) refers to printf1.o(i._printf_core) for _printf_core
    printf1.o(i.__0fprintf$1) refers to usart.o(.text) for fputc
    printf1.o(i.__0printf$1) refers to printf1.o(i._printf_core) for _printf_core
    printf1.o(i.__0printf$1) refers to usart.o(.text) for fputc
    printf1.o(i.__0printf$1) refers to stdout.o(.data) for __stdout
    printf1.o(i.__0snprintf$1) refers to printf1.o(i._printf_core) for _printf_core
    printf1.o(i.__0snprintf$1) refers to printf1.o(i._snputc) for _snputc
    printf1.o(i.__0sprintf$1) refers to printf1.o(i._printf_core) for _printf_core
    printf1.o(i.__0sprintf$1) refers to printf1.o(i._sputc) for _sputc
    printf1.o(i.__0vfprintf$1) refers to printf1.o(i._printf_core) for _printf_core
    printf1.o(i.__0vfprintf$1) refers to usart.o(.text) for fputc
    printf1.o(i.__0vprintf$1) refers to printf1.o(i._printf_core) for _printf_core
    printf1.o(i.__0vprintf$1) refers to usart.o(.text) for fputc
    printf1.o(i.__0vprintf$1) refers to stdout.o(.data) for __stdout
    printf1.o(i.__0vsnprintf$1) refers to printf1.o(i._printf_core) for _printf_core
    printf1.o(i.__0vsnprintf$1) refers to printf1.o(i._snputc) for _snputc
    printf1.o(i.__0vsprintf$1) refers to printf1.o(i._printf_core) for _printf_core
    printf1.o(i.__0vsprintf$1) refers to printf1.o(i._sputc) for _sputc
    printf1.o(i._printf_core) refers to uidiv.o(.text) for __aeabi_uidivmod
    printf2.o(i.__0fprintf$2) refers to printf2.o(i._printf_core) for _printf_core
    printf2.o(i.__0fprintf$2) refers to usart.o(.text) for fputc
    printf2.o(i.__0printf$2) refers to printf2.o(i._printf_core) for _printf_core
    printf2.o(i.__0printf$2) refers to usart.o(.text) for fputc
    printf2.o(i.__0printf$2) refers to stdout.o(.data) for __stdout
    printf2.o(i.__0snprintf$2) refers to printf2.o(i._printf_core) for _printf_core
    printf2.o(i.__0snprintf$2) refers to printf2.o(i._snputc) for _snputc
    printf2.o(i.__0sprintf$2) refers to printf2.o(i._printf_core) for _printf_core
    printf2.o(i.__0sprintf$2) refers to printf2.o(i._sputc) for _sputc
    printf2.o(i.__0vfprintf$2) refers to printf2.o(i._printf_core) for _printf_core
    printf2.o(i.__0vfprintf$2) refers to usart.o(.text) for fputc
    printf2.o(i.__0vprintf$2) refers to printf2.o(i._printf_core) for _printf_core
    printf2.o(i.__0vprintf$2) refers to usart.o(.text) for fputc
    printf2.o(i.__0vprintf$2) refers to stdout.o(.data) for __stdout
    printf2.o(i.__0vsnprintf$2) refers to printf2.o(i._printf_core) for _printf_core
    printf2.o(i.__0vsnprintf$2) refers to printf2.o(i._snputc) for _snputc
    printf2.o(i.__0vsprintf$2) refers to printf2.o(i._printf_core) for _printf_core
    printf2.o(i.__0vsprintf$2) refers to printf2.o(i._sputc) for _sputc
    printf3.o(i.__0fprintf$3) refers to printf3.o(i._printf_core) for _printf_core
    printf3.o(i.__0fprintf$3) refers to usart.o(.text) for fputc
    printf3.o(i.__0printf$3) refers to printf3.o(i._printf_core) for _printf_core
    printf3.o(i.__0printf$3) refers to usart.o(.text) for fputc
    printf3.o(i.__0printf$3) refers to stdout.o(.data) for __stdout
    printf3.o(i.__0snprintf$3) refers to printf3.o(i._printf_core) for _printf_core
    printf3.o(i.__0snprintf$3) refers to printf3.o(i._snputc) for _snputc
    printf3.o(i.__0sprintf$3) refers to printf3.o(i._printf_core) for _printf_core
    printf3.o(i.__0sprintf$3) refers to printf3.o(i._sputc) for _sputc
    printf3.o(i.__0vfprintf$3) refers to printf3.o(i._printf_core) for _printf_core
    printf3.o(i.__0vfprintf$3) refers to usart.o(.text) for fputc
    printf3.o(i.__0vprintf$3) refers to printf3.o(i._printf_core) for _printf_core
    printf3.o(i.__0vprintf$3) refers to usart.o(.text) for fputc
    printf3.o(i.__0vprintf$3) refers to stdout.o(.data) for __stdout
    printf3.o(i.__0vsnprintf$3) refers to printf3.o(i._printf_core) for _printf_core
    printf3.o(i.__0vsnprintf$3) refers to printf3.o(i._snputc) for _snputc
    printf3.o(i.__0vsprintf$3) refers to printf3.o(i._printf_core) for _printf_core
    printf3.o(i.__0vsprintf$3) refers to printf3.o(i._sputc) for _sputc
    printf3.o(i._printf_core) refers to uidiv.o(.text) for __aeabi_uidivmod
    printf4.o(i.__0fprintf$4) refers to printf4.o(i._printf_core) for _printf_core
    printf4.o(i.__0fprintf$4) refers to usart.o(.text) for fputc
    printf4.o(i.__0printf$4) refers to printf4.o(i._printf_core) for _printf_core
    printf4.o(i.__0printf$4) refers to usart.o(.text) for fputc
    printf4.o(i.__0printf$4) refers to stdout.o(.data) for __stdout
    printf4.o(i.__0snprintf$4) refers to printf4.o(i._printf_core) for _printf_core
    printf4.o(i.__0snprintf$4) refers to printf4.o(i._snputc) for _snputc
    printf4.o(i.__0sprintf$4) refers to printf4.o(i._printf_core) for _printf_core
    printf4.o(i.__0sprintf$4) refers to printf4.o(i._sputc) for _sputc
    printf4.o(i.__0vfprintf$4) refers to printf4.o(i._printf_core) for _printf_core
    printf4.o(i.__0vfprintf$4) refers to usart.o(.text) for fputc
    printf4.o(i.__0vprintf$4) refers to printf4.o(i._printf_core) for _printf_core
    printf4.o(i.__0vprintf$4) refers to usart.o(.text) for fputc
    printf4.o(i.__0vprintf$4) refers to stdout.o(.data) for __stdout
    printf4.o(i.__0vsnprintf$4) refers to printf4.o(i._printf_core) for _printf_core
    printf4.o(i.__0vsnprintf$4) refers to printf4.o(i._snputc) for _snputc
    printf4.o(i.__0vsprintf$4) refers to printf4.o(i._printf_core) for _printf_core
    printf4.o(i.__0vsprintf$4) refers to printf4.o(i._sputc) for _sputc
    printf4.o(i._printf_core) refers to uldiv.o(.text) for __aeabi_uldivmod
    printf5.o(i.__0fprintf$5) refers to printf5.o(i._printf_core) for _printf_core
    printf5.o(i.__0fprintf$5) refers to usart.o(.text) for fputc
    printf5.o(i.__0printf$5) refers to printf5.o(i._printf_core) for _printf_core
    printf5.o(i.__0printf$5) refers to usart.o(.text) for fputc
    printf5.o(i.__0printf$5) refers to stdout.o(.data) for __stdout
    printf5.o(i.__0snprintf$5) refers to printf5.o(i._printf_core) for _printf_core
    printf5.o(i.__0snprintf$5) refers to printf5.o(i._snputc) for _snputc
    printf5.o(i.__0sprintf$5) refers to printf5.o(i._printf_core) for _printf_core
    printf5.o(i.__0sprintf$5) refers to printf5.o(i._sputc) for _sputc
    printf5.o(i.__0vfprintf$5) refers to printf5.o(i._printf_core) for _printf_core
    printf5.o(i.__0vfprintf$5) refers to usart.o(.text) for fputc
    printf5.o(i.__0vprintf$5) refers to printf5.o(i._printf_core) for _printf_core
    printf5.o(i.__0vprintf$5) refers to usart.o(.text) for fputc
    printf5.o(i.__0vprintf$5) refers to stdout.o(.data) for __stdout
    printf5.o(i.__0vsnprintf$5) refers to printf5.o(i._printf_core) for _printf_core
    printf5.o(i.__0vsnprintf$5) refers to printf5.o(i._snputc) for _snputc
    printf5.o(i.__0vsprintf$5) refers to printf5.o(i._printf_core) for _printf_core
    printf5.o(i.__0vsprintf$5) refers to printf5.o(i._sputc) for _sputc
    printf5.o(i._printf_core) refers to uldiv.o(.text) for __aeabi_uldivmod
    printf6.o(i.__0fprintf$6) refers to printf6.o(i._printf_core) for _printf_core
    printf6.o(i.__0fprintf$6) refers to usart.o(.text) for fputc
    printf6.o(i.__0printf$6) refers to printf6.o(i._printf_core) for _printf_core
    printf6.o(i.__0printf$6) refers to usart.o(.text) for fputc
    printf6.o(i.__0printf$6) refers to stdout.o(.data) for __stdout
    printf6.o(i.__0snprintf$6) refers to printf6.o(i._printf_core) for _printf_core
    printf6.o(i.__0snprintf$6) refers to printf6.o(i._snputc) for _snputc
    printf6.o(i.__0sprintf$6) refers to printf6.o(i._printf_core) for _printf_core
    printf6.o(i.__0sprintf$6) refers to printf6.o(i._sputc) for _sputc
    printf6.o(i.__0vfprintf$6) refers to printf6.o(i._printf_core) for _printf_core
    printf6.o(i.__0vfprintf$6) refers to usart.o(.text) for fputc
    printf6.o(i.__0vprintf$6) refers to printf6.o(i._printf_core) for _printf_core
    printf6.o(i.__0vprintf$6) refers to usart.o(.text) for fputc
    printf6.o(i.__0vprintf$6) refers to stdout.o(.data) for __stdout
    printf6.o(i.__0vsnprintf$6) refers to printf6.o(i._printf_core) for _printf_core
    printf6.o(i.__0vsnprintf$6) refers to printf6.o(i._snputc) for _snputc
    printf6.o(i.__0vsprintf$6) refers to printf6.o(i._printf_core) for _printf_core
    printf6.o(i.__0vsprintf$6) refers to printf6.o(i._sputc) for _sputc
    printf6.o(i._printf_core) refers to printf6.o(i._printf_pre_padding) for _printf_pre_padding
    printf6.o(i._printf_core) refers to uidiv.o(.text) for __aeabi_uidivmod
    printf6.o(i._printf_core) refers to printf6.o(i._printf_post_padding) for _printf_post_padding
    printf7.o(i.__0fprintf$7) refers to printf7.o(i._printf_core) for _printf_core
    printf7.o(i.__0fprintf$7) refers to usart.o(.text) for fputc
    printf7.o(i.__0printf$7) refers to printf7.o(i._printf_core) for _printf_core
    printf7.o(i.__0printf$7) refers to usart.o(.text) for fputc
    printf7.o(i.__0printf$7) refers to stdout.o(.data) for __stdout
    printf7.o(i.__0snprintf$7) refers to printf7.o(i._printf_core) for _printf_core
    printf7.o(i.__0snprintf$7) refers to printf7.o(i._snputc) for _snputc
    printf7.o(i.__0sprintf$7) refers to printf7.o(i._printf_core) for _printf_core
    printf7.o(i.__0sprintf$7) refers to printf7.o(i._sputc) for _sputc
    printf7.o(i.__0vfprintf$7) refers to printf7.o(i._printf_core) for _printf_core
    printf7.o(i.__0vfprintf$7) refers to usart.o(.text) for fputc
    printf7.o(i.__0vprintf$7) refers to printf7.o(i._printf_core) for _printf_core
    printf7.o(i.__0vprintf$7) refers to usart.o(.text) for fputc
    printf7.o(i.__0vprintf$7) refers to stdout.o(.data) for __stdout
    printf7.o(i.__0vsnprintf$7) refers to printf7.o(i._printf_core) for _printf_core
    printf7.o(i.__0vsnprintf$7) refers to printf7.o(i._snputc) for _snputc
    printf7.o(i.__0vsprintf$7) refers to printf7.o(i._printf_core) for _printf_core
    printf7.o(i.__0vsprintf$7) refers to printf7.o(i._sputc) for _sputc
    printf7.o(i._printf_core) refers to printf7.o(i._printf_pre_padding) for _printf_pre_padding
    printf7.o(i._printf_core) refers to uldiv.o(.text) for __aeabi_uldivmod
    printf7.o(i._printf_core) refers to printf7.o(i._printf_post_padding) for _printf_post_padding
    printf8.o(i.__0fprintf$8) refers to printf8.o(i._printf_core) for _printf_core
    printf8.o(i.__0fprintf$8) refers to usart.o(.text) for fputc
    printf8.o(i.__0printf$8) refers to printf8.o(i._printf_core) for _printf_core
    printf8.o(i.__0printf$8) refers to usart.o(.text) for fputc
    printf8.o(i.__0printf$8) refers to stdout.o(.data) for __stdout
    printf8.o(i.__0snprintf$8) refers to printf8.o(i._printf_core) for _printf_core
    printf8.o(i.__0snprintf$8) refers to printf8.o(i._snputc) for _snputc
    printf8.o(i.__0sprintf$8) refers to printf8.o(i._printf_core) for _printf_core
    printf8.o(i.__0sprintf$8) refers to printf8.o(i._sputc) for _sputc
    printf8.o(i.__0vfprintf$8) refers to printf8.o(i._printf_core) for _printf_core
    printf8.o(i.__0vfprintf$8) refers to usart.o(.text) for fputc
    printf8.o(i.__0vprintf$8) refers to printf8.o(i._printf_core) for _printf_core
    printf8.o(i.__0vprintf$8) refers to usart.o(.text) for fputc
    printf8.o(i.__0vprintf$8) refers to stdout.o(.data) for __stdout
    printf8.o(i.__0vsnprintf$8) refers to printf8.o(i._printf_core) for _printf_core
    printf8.o(i.__0vsnprintf$8) refers to printf8.o(i._snputc) for _snputc
    printf8.o(i.__0vsprintf$8) refers to printf8.o(i._printf_core) for _printf_core
    printf8.o(i.__0vsprintf$8) refers to printf8.o(i._sputc) for _sputc
    printf8.o(i._printf_core) refers to printf8.o(i._printf_pre_padding) for _printf_pre_padding
    printf8.o(i._printf_core) refers to uldiv.o(.text) for __aeabi_uldivmod
    printf8.o(i._printf_core) refers to printf8.o(i._printf_post_padding) for _printf_post_padding
    printfa.o(i.__0fprintf) refers (Special) to iusefp.o(.text) for __I$use$fp
    printfa.o(i.__0fprintf) refers to printfa.o(i._printf_core) for _printf_core
    printfa.o(i.__0fprintf) refers to usart.o(.text) for fputc
    printfa.o(i.__0printf) refers (Special) to iusefp.o(.text) for __I$use$fp
    printfa.o(i.__0printf) refers to printfa.o(i._printf_core) for _printf_core
    printfa.o(i.__0printf) refers to usart.o(.text) for fputc
    printfa.o(i.__0printf) refers to stdout.o(.data) for __stdout
    printfa.o(i.__0snprintf) refers (Special) to iusefp.o(.text) for __I$use$fp
    printfa.o(i.__0snprintf) refers to printfa.o(i._printf_core) for _printf_core
    printfa.o(i.__0snprintf) refers to printfa.o(i._snputc) for _snputc
    printfa.o(i.__0sprintf) refers (Special) to iusefp.o(.text) for __I$use$fp
    printfa.o(i.__0sprintf) refers to printfa.o(i._printf_core) for _printf_core
    printfa.o(i.__0sprintf) refers to printfa.o(i._sputc) for _sputc
    printfa.o(i.__0vfprintf) refers (Special) to iusefp.o(.text) for __I$use$fp
    printfa.o(i.__0vfprintf) refers to printfa.o(i._printf_core) for _printf_core
    printfa.o(i.__0vfprintf) refers to usart.o(.text) for fputc
    printfa.o(i.__0vprintf) refers (Special) to iusefp.o(.text) for __I$use$fp
    printfa.o(i.__0vprintf) refers to printfa.o(i._printf_core) for _printf_core
    printfa.o(i.__0vprintf) refers to usart.o(.text) for fputc
    printfa.o(i.__0vprintf) refers to stdout.o(.data) for __stdout
    printfa.o(i.__0vsnprintf) refers (Special) to iusefp.o(.text) for __I$use$fp
    printfa.o(i.__0vsnprintf) refers to printfa.o(i._printf_core) for _printf_core
    printfa.o(i.__0vsnprintf) refers to printfa.o(i._snputc) for _snputc
    printfa.o(i.__0vsprintf) refers (Special) to iusefp.o(.text) for __I$use$fp
    printfa.o(i.__0vsprintf) refers to printfa.o(i._printf_core) for _printf_core
    printfa.o(i.__0vsprintf) refers to printfa.o(i._sputc) for _sputc
    printfa.o(i._fp_digits) refers (Special) to iusefp.o(.text) for __I$use$fp
    printfa.o(i._fp_digits) refers to dmul.o(.text) for __aeabi_dmul
    printfa.o(i._fp_digits) refers to ddiv.o(.text) for __aeabi_ddiv
    printfa.o(i._fp_digits) refers to cdrcmple.o(.text) for __aeabi_cdrcmple
    printfa.o(i._fp_digits) refers to dadd.o(.text) for __aeabi_dadd
    printfa.o(i._fp_digits) refers to dfixul.o(.text) for __aeabi_d2ulz
    printfa.o(i._fp_digits) refers to uldiv.o(.text) for __aeabi_uldivmod
    printfa.o(i._printf_core) refers (Special) to iusefp.o(.text) for __I$use$fp
    printfa.o(i._printf_core) refers to printfa.o(i._printf_pre_padding) for _printf_pre_padding
    printfa.o(i._printf_core) refers to uldiv.o(.text) for __aeabi_uldivmod
    printfa.o(i._printf_core) refers to printfa.o(i._printf_post_padding) for _printf_post_padding
    printfa.o(i._printf_core) refers to printfa.o(i._fp_digits) for _fp_digits
    printfa.o(i._printf_core) refers to uidiv.o(.text) for __aeabi_uidivmod
    printfa.o(i._printf_post_padding) refers (Special) to iusefp.o(.text) for __I$use$fp
    printfa.o(i._printf_pre_padding) refers (Special) to iusefp.o(.text) for __I$use$fp
    printfa.o(i._snputc) refers (Special) to iusefp.o(.text) for __I$use$fp
    printfa.o(i._sputc) refers (Special) to iusefp.o(.text) for __I$use$fp
    fadd.o(.text) refers (Special) to iusefp.o(.text) for __I$use$fp
    fadd.o(.text) refers to fepilogue.o(.text) for _float_epilogue
    fdiv.o(.text) refers (Special) to iusefp.o(.text) for __I$use$fp
    fdiv.o(.text) refers to fepilogue.o(.text) for _float_round
    fflti.o(.text) refers (Special) to iusefp.o(.text) for __I$use$fp
    fflti.o(.text) refers to fepilogue.o(.text) for _float_epilogue
    ffixui.o(.text) refers (Special) to iusefp.o(.text) for __I$use$fp
    entry2.o(.ARM.Collect$$$$00000001) refers to entry2.o(.ARM.Collect$$$$00002712) for __lit__00000000
    entry2.o(.ARM.Collect$$$$00002712) refers to startup_stm32f10x_md.o(STACK) for __initial_sp
    entry2.o(__vectab_stack_and_reset_area) refers to startup_stm32f10x_md.o(STACK) for __initial_sp
    entry2.o(__vectab_stack_and_reset_area) refers to entry.o(.ARM.Collect$$$$00000000) for __main
    entry5.o(.ARM.Collect$$$$00000004) refers to init.o(.text) for __scatterload
    entry9a.o(.ARM.Collect$$$$0000000B) refers to main.o(.text) for main
    entry9b.o(.ARM.Collect$$$$0000000C) refers to main.o(.text) for main
    uldiv.o(.text) refers to llushr.o(.text) for __aeabi_llsr
    uldiv.o(.text) refers to llshl.o(.text) for __aeabi_llsl
    dadd.o(.text) refers to llshl.o(.text) for __aeabi_llsl
    dadd.o(.text) refers to llsshr.o(.text) for __aeabi_lasr
    dadd.o(.text) refers to depilogue.o(.text) for _double_epilogue
    dmul.o(.text) refers to depilogue.o(.text) for _double_epilogue
    ddiv.o(.text) refers to depilogue.o(.text) for _double_round
    dfixul.o(.text) refers to llushr.o(.text) for __aeabi_llsr
    dfixul.o(.text) refers to llshl.o(.text) for __aeabi_llsl
    init.o(.text) refers to entry5.o(.ARM.Collect$$$$00000004) for __main_after_scatterload
    depilogue.o(.text) refers to llshl.o(.text) for __aeabi_llsl
    depilogue.o(.text) refers to llushr.o(.text) for __aeabi_llsr


==============================================================================

Removing Unused input sections from the image.

    Removing startup_stm32f10x_md.o(HEAP), (0 bytes).
    Removing core_cm3.o(.emb_text), (32 bytes).
    Removing stm32f10x_tim.o(.text), (3014 bytes).
    Removing comprotocol.o(.data), (1 bytes).
    Removing flash.o(.data), (23 bytes).
    Removing dadd.o(.text), (334 bytes).
    Removing dmul.o(.text), (228 bytes).
    Removing ddiv.o(.text), (222 bytes).
    Removing dfixul.o(.text), (48 bytes).
    Removing cdrcmple.o(.text), (48 bytes).
    Removing depilogue.o(.text), (186 bytes).

11 unused section(s) (total 4136 bytes) removed from the image.

==============================================================================

Image Symbol Table

    Local Symbols

    Symbol Name                              Value     Ov Type        Size  Object(Section)

    ../clib/microlib/division.c              0x00000000   Number         0  uidiv.o ABSOLUTE
    ../clib/microlib/division.c              0x00000000   Number         0  uldiv.o ABSOLUTE
    ../clib/microlib/init/entry.s            0x00000000   Number         0  entry.o ABSOLUTE
    ../clib/microlib/init/entry.s            0x00000000   Number         0  entry2.o ABSOLUTE
    ../clib/microlib/init/entry.s            0x00000000   Number         0  entry10a.o ABSOLUTE
    ../clib/microlib/init/entry.s            0x00000000   Number         0  entry5.o ABSOLUTE
    ../clib/microlib/init/entry.s            0x00000000   Number         0  entry8a.o ABSOLUTE
    ../clib/microlib/init/entry.s            0x00000000   Number         0  entry7a.o ABSOLUTE
    ../clib/microlib/init/entry.s            0x00000000   Number         0  entry9b.o ABSOLUTE
    ../clib/microlib/init/entry.s            0x00000000   Number         0  entry9a.o ABSOLUTE
    ../clib/microlib/init/entry.s            0x00000000   Number         0  entry7b.o ABSOLUTE
    ../clib/microlib/init/entry.s            0x00000000   Number         0  entry8b.o ABSOLUTE
    ../clib/microlib/init/entry.s            0x00000000   Number         0  entry10b.o ABSOLUTE
    ../clib/microlib/init/entry.s            0x00000000   Number         0  entry11b.o ABSOLUTE
    ../clib/microlib/init/entry.s            0x00000000   Number         0  entry11a.o ABSOLUTE
    ../clib/microlib/longlong.c              0x00000000   Number         0  llsshr.o ABSOLUTE
    ../clib/microlib/longlong.c              0x00000000   Number         0  llushr.o ABSOLUTE
    ../clib/microlib/longlong.c              0x00000000   Number         0  llshl.o ABSOLUTE
    ../clib/microlib/printf/printf.c         0x00000000   Number         0  printf7.o ABSOLUTE
    ../clib/microlib/printf/printf.c         0x00000000   Number         0  printf2.o ABSOLUTE
    ../clib/microlib/printf/printf.c         0x00000000   Number         0  printf3.o ABSOLUTE
    ../clib/microlib/printf/printf.c         0x00000000   Number         0  printf1.o ABSOLUTE
    ../clib/microlib/printf/printf.c         0x00000000   Number         0  printf0.o ABSOLUTE
    ../clib/microlib/printf/printf.c         0x00000000   Number         0  printfb.o ABSOLUTE
    ../clib/microlib/printf/printf.c         0x00000000   Number         0  printfa.o ABSOLUTE
    ../clib/microlib/printf/printf.c         0x00000000   Number         0  printf8.o ABSOLUTE
    ../clib/microlib/printf/printf.c         0x00000000   Number         0  printf6.o ABSOLUTE
    ../clib/microlib/printf/printf.c         0x00000000   Number         0  printf5.o ABSOLUTE
    ../clib/microlib/printf/printf.c         0x00000000   Number         0  printf4.o ABSOLUTE
    ../clib/microlib/printf/stubs.s          0x00000000   Number         0  stubs.o ABSOLUTE
    ../clib/microlib/stdio/streams.c         0x00000000   Number         0  stdout.o ABSOLUTE
    ../clib/microlib/stubs.s                 0x00000000   Number         0  iusefp.o ABSOLUTE
    ../fplib/microlib/fpadd.c                0x00000000   Number         0  dadd.o ABSOLUTE
    ../fplib/microlib/fpadd.c                0x00000000   Number         0  fadd.o ABSOLUTE
    ../fplib/microlib/fpdiv.c                0x00000000   Number         0  ddiv.o ABSOLUTE
    ../fplib/microlib/fpdiv.c                0x00000000   Number         0  fdiv.o ABSOLUTE
    ../fplib/microlib/fpepilogue.c           0x00000000   Number         0  fepilogue.o ABSOLUTE
    ../fplib/microlib/fpepilogue.c           0x00000000   Number         0  depilogue.o ABSOLUTE
    ../fplib/microlib/fpfix.c                0x00000000   Number         0  ffixui.o ABSOLUTE
    ../fplib/microlib/fpfix.c                0x00000000   Number         0  dfixul.o ABSOLUTE
    ../fplib/microlib/fpflt.c                0x00000000   Number         0  fflti.o ABSOLUTE
    ../fplib/microlib/fpmul.c                0x00000000   Number         0  dmul.o ABSOLUTE
    ..\APP\ComProtocol.c                     0x00000000   Number         0  comprotocol.o ABSOLUTE
    ..\APP\RCencode.c                        0x00000000   Number         0  rcencode.o ABSOLUTE
    ..\APP\Timer.c                           0x00000000   Number         0  timer.o ABSOLUTE
    ..\APP\flash.c                           0x00000000   Number         0  flash.o ABSOLUTE
    ..\BSP\EXTI.c                            0x00000000   Number         0  exti.o ABSOLUTE
    ..\BSP\STMFLASH\stmflash.c               0x00000000   Number         0  stmflash.o ABSOLUTE
    ..\BSP\SysTick.c                         0x00000000   Number         0  systick.o ABSOLUTE
    ..\BSP\adc.c                             0x00000000   Number         0  adc.o ABSOLUTE
    ..\BSP\spi.c                             0x00000000   Number         0  spi.o ABSOLUTE
    ..\BSP\usart.c                           0x00000000   Number         0  usart.o ABSOLUTE
    ..\CMSIS\core_cm3.c                      0x00000000   Number         0  core_cm3.o ABSOLUTE
    ..\CMSIS\system_stm32f10x.c              0x00000000   Number         0  system_stm32f10x.o ABSOLUTE
    ..\FWlib\src\misc.c                      0x00000000   Number         0  misc.o ABSOLUTE
    ..\FWlib\src\stm32f10x_adc.c             0x00000000   Number         0  stm32f10x_adc.o ABSOLUTE
    ..\FWlib\src\stm32f10x_dma.c             0x00000000   Number         0  stm32f10x_dma.o ABSOLUTE
    ..\FWlib\src\stm32f10x_exti.c            0x00000000   Number         0  stm32f10x_exti.o ABSOLUTE
    ..\FWlib\src\stm32f10x_flash.c           0x00000000   Number         0  stm32f10x_flash.o ABSOLUTE
    ..\FWlib\src\stm32f10x_gpio.c            0x00000000   Number         0  stm32f10x_gpio.o ABSOLUTE
    ..\FWlib\src\stm32f10x_rcc.c             0x00000000   Number         0  stm32f10x_rcc.o ABSOLUTE
    ..\FWlib\src\stm32f10x_spi.c             0x00000000   Number         0  stm32f10x_spi.o ABSOLUTE
    ..\FWlib\src\stm32f10x_tim.c             0x00000000   Number         0  stm32f10x_tim.o ABSOLUTE
    ..\FWlib\src\stm32f10x_usart.c           0x00000000   Number         0  stm32f10x_usart.o ABSOLUTE
    ..\HW\24l01.c                            0x00000000   Number         0  24l01.o ABSOLUTE
    ..\HW\key.c                              0x00000000   Number         0  key.o ABSOLUTE
    ..\HW\led.c                              0x00000000   Number         0  led.o ABSOLUTE
    ..\Startup\startup_stm32f10x_md.s        0x00000000   Number         0  startup_stm32f10x_md.o ABSOLUTE
    ..\USER\main.c                           0x00000000   Number         0  main.o ABSOLUTE
    ..\USER\stm32f10x_it.c                   0x00000000   Number         0  stm32f10x_it.o ABSOLUTE
    ..\\CMSIS\\core_cm3.c                    0x00000000   Number         0  core_cm3.o ABSOLUTE
    cdrcmple.s                               0x00000000   Number         0  cdrcmple.o ABSOLUTE
    dc.s                                     0x00000000   Number         0  dc.o ABSOLUTE
    handlers.s                               0x00000000   Number         0  handlers.o ABSOLUTE
    init.s                                   0x00000000   Number         0  init.o ABSOLUTE
    RESET                                    0x08000000   Section      236  startup_stm32f10x_md.o(RESET)
    .ARM.Collect$$$$00000000                 0x080000ec   Section        0  entry.o(.ARM.Collect$$$$00000000)
    .ARM.Collect$$$$00000001                 0x080000ec   Section        4  entry2.o(.ARM.Collect$$$$00000001)
    .ARM.Collect$$$$00000004                 0x080000f0   Section        4  entry5.o(.ARM.Collect$$$$00000004)
    .ARM.Collect$$$$00000008                 0x080000f4   Section        0  entry7b.o(.ARM.Collect$$$$00000008)
    .ARM.Collect$$$$0000000A                 0x080000f4   Section        0  entry8b.o(.ARM.Collect$$$$0000000A)
    .ARM.Collect$$$$0000000B                 0x080000f4   Section        8  entry9a.o(.ARM.Collect$$$$0000000B)
    .ARM.Collect$$$$0000000D                 0x080000fc   Section        0  entry10a.o(.ARM.Collect$$$$0000000D)
    .ARM.Collect$$$$0000000F                 0x080000fc   Section        0  entry11a.o(.ARM.Collect$$$$0000000F)
    .ARM.Collect$$$$00002712                 0x080000fc   Section        4  entry2.o(.ARM.Collect$$$$00002712)
    __lit__00000000                          0x080000fc   Data           4  entry2.o(.ARM.Collect$$$$00002712)
    .text                                    0x08000100   Section       28  startup_stm32f10x_md.o(.text)
    .text                                    0x0800011c   Section        0  system_stm32f10x.o(.text)
    SetSysClockTo72                          0x0800011d   Thumb Code   220  system_stm32f10x.o(.text)
    SetSysClock                              0x080001f9   Thumb Code     8  system_stm32f10x.o(.text)
    .text                                    0x08000254   Section        0  misc.o(.text)
    .text                                    0x08000330   Section        0  stm32f10x_gpio.o(.text)
    .text                                    0x08000660   Section        0  stm32f10x_rcc.o(.text)
    .text                                    0x08000a00   Section        0  stm32f10x_usart.o(.text)
    .text                                    0x08000d70   Section        0  stm32f10x_spi.o(.text)
    .text                                    0x08001070   Section        0  stm32f10x_dma.o(.text)
    .text                                    0x080012b0   Section        0  stm32f10x_adc.o(.text)
    .text                                    0x080016e0   Section        0  stm32f10x_exti.o(.text)
    .text                                    0x08001820   Section        0  stm32f10x_flash.o(.text)
    delay                                    0x080018a9   Thumb Code    26  stm32f10x_flash.o(.text)
    .text                                    0x08001d4c   Section        0  usart.o(.text)
    .text                                    0x08001e9c   Section        0  systick.o(.text)
    .text                                    0x08001f30   Section        0  spi.o(.text)
    .text                                    0x08002258   Section        0  exti.o(.text)
    .text                                    0x080022e0   Section        0  adc.o(.text)
    ADC1_GPIO_Config                         0x080022e1   Thumb Code    62  adc.o(.text)
    ADC1_Mode_Config                         0x0800231f   Thumb Code   258  adc.o(.text)
    .text                                    0x08002440   Section        0  stmflash.o(.text)
    .text                                    0x0800262c   Section        0  led.o(.text)
    .text                                    0x0800269c   Section        0  24l01.o(.text)
    .text                                    0x080029fc   Section        0  key.o(.text)
    .text                                    0x08002a34   Section        0  comprotocol.o(.text)
    .text                                    0x08002af4   Section        0  rcencode.o(.text)
    .text                                    0x08002d20   Section        0  timer.o(.text)
    .text                                    0x08002e54   Section        0  main.o(.text)
    .text                                    0x080030c4   Section        0  stm32f10x_it.o(.text)
    .text                                    0x080030ea   Section        0  fadd.o(.text)
    .text                                    0x0800319a   Section        0  fdiv.o(.text)
    .text                                    0x08003216   Section        0  fflti.o(.text)
    .text                                    0x08003228   Section        0  ffixui.o(.text)
    .text                                    0x08003250   Section        0  uidiv.o(.text)
    .text                                    0x0800327c   Section        0  iusefp.o(.text)
    .text                                    0x0800327c   Section        0  fepilogue.o(.text)
    .text                                    0x080032ec   Section       36  init.o(.text)
    i.__0printf$3                            0x08003310   Section        0  printf3.o(i.__0printf$3)
    i.__scatterload_copy                     0x08003330   Section       14  handlers.o(i.__scatterload_copy)
    i.__scatterload_null                     0x0800333e   Section        2  handlers.o(i.__scatterload_null)
    i.__scatterload_zeroinit                 0x08003340   Section       14  handlers.o(i.__scatterload_zeroinit)
    i._printf_core                           0x08003350   Section        0  printf3.o(i._printf_core)
    _printf_core                             0x08003351   Thumb Code   436  printf3.o(i._printf_core)
    .constdata                               0x08003508   Section       20  system_stm32f10x.o(.constdata)
    .data                                    0x20000000   Section       20  stm32f10x_rcc.o(.data)
    APBAHBPrescTable                         0x20000000   Data          16  stm32f10x_rcc.o(.data)
    ADCPrescTable                            0x20000010   Data           4  stm32f10x_rcc.o(.data)
    .data                                    0x20000014   Section        4  systick.o(.data)
    TimingDelay                              0x20000014   Data           4  systick.o(.data)
    .data                                    0x20000018   Section       10  24l01.o(.data)
    .data                                    0x20000024   Section       62  rcencode.o(.data)
    cnt                                      0x20000058   Data           1  rcencode.o(.data)
    datlast                                  0x2000005a   Data           8  rcencode.o(.data)
    .data                                    0x20000064   Section       20  timer.o(.data)
    .data                                    0x20000078   Section        4  stdout.o(.data)
    .bss                                     0x2000007c   Section       10  adc.o(.bss)
    .bss                                     0x20000086   Section     1024  stmflash.o(.bss)
    .bss                                     0x20000486   Section       64  comprotocol.o(.bss)
    .bss                                     0x200004c8   Section       16  rcencode.o(.bss)
    add                                      0x200004c8   Data          16  rcencode.o(.bss)
    .bss                                     0x200004d8   Section      200  flash.o(.bss)
    STACK                                    0x200005a0   Section      512  startup_stm32f10x_md.o(STACK)

    Global Symbols

    Symbol Name                              Value     Ov Type        Size  Object(Section)

    BuildAttributes$$THM_ISAv4$P$D$K$B$S$PE$A:L22UL41UL21$X:L11$S22US41US21$IEEE1$IW$USESV6$~STKCKD$USESV7$~SHL$OTIME$ROPI$EBA8$MICROLIB$REQ8$PRES8$EABIv2 0x00000000   Number         0  anon$$obj.o ABSOLUTE
    __ARM_use_no_argv                        0x00000000   Number         0  main.o ABSOLUTE
    _printf_a                                0x00000000   Number         0  stubs.o ABSOLUTE
    _printf_c                                0x00000000   Number         0  stubs.o ABSOLUTE
    _printf_charcount                        0x00000000   Number         0  stubs.o ABSOLUTE
    _printf_d                                0x00000000   Number         0  stubs.o ABSOLUTE
    _printf_e                                0x00000000   Number         0  stubs.o ABSOLUTE
    _printf_f                                0x00000000   Number         0  stubs.o ABSOLUTE
    _printf_flags                            0x00000000   Number         0  stubs.o ABSOLUTE
    _printf_fp_dec                           0x00000000   Number         0  stubs.o ABSOLUTE
    _printf_fp_hex                           0x00000000   Number         0  stubs.o ABSOLUTE
    _printf_g                                0x00000000   Number         0  stubs.o ABSOLUTE
    _printf_i                                0x00000000   Number         0  stubs.o ABSOLUTE
    _printf_int_dec                          0x00000000   Number         0  stubs.o ABSOLUTE
    _printf_l                                0x00000000   Number         0  stubs.o ABSOLUTE
    _printf_lc                               0x00000000   Number         0  stubs.o ABSOLUTE
    _printf_ll                               0x00000000   Number         0  stubs.o ABSOLUTE
    _printf_lld                              0x00000000   Number         0  stubs.o ABSOLUTE
    _printf_lli                              0x00000000   Number         0  stubs.o ABSOLUTE
    _printf_llo                              0x00000000   Number         0  stubs.o ABSOLUTE
    _printf_llu                              0x00000000   Number         0  stubs.o ABSOLUTE
    _printf_llx                              0x00000000   Number         0  stubs.o ABSOLUTE
    _printf_longlong_dec                     0x00000000   Number         0  stubs.o ABSOLUTE
    _printf_longlong_hex                     0x00000000   Number         0  stubs.o ABSOLUTE
    _printf_longlong_oct                     0x00000000   Number         0  stubs.o ABSOLUTE
    _printf_ls                               0x00000000   Number         0  stubs.o ABSOLUTE
    _printf_mbtowc                           0x00000000   Number         0  stubs.o ABSOLUTE
    _printf_n                                0x00000000   Number         0  stubs.o ABSOLUTE
    _printf_o                                0x00000000   Number         0  stubs.o ABSOLUTE
    _printf_p                                0x00000000   Number         0  stubs.o ABSOLUTE
    _printf_percent                          0x00000000   Number         0  stubs.o ABSOLUTE
    _printf_pre_padding                      0x00000000   Number         0  stubs.o ABSOLUTE
    _printf_return_value                     0x00000000   Number         0  stubs.o ABSOLUTE
    _printf_s                                0x00000000   Number         0  stubs.o ABSOLUTE
    _printf_sizespec                         0x00000000   Number         0  stubs.o ABSOLUTE
    _printf_str                              0x00000000   Number         0  stubs.o ABSOLUTE
    _printf_truncate_signed                  0x00000000   Number         0  stubs.o ABSOLUTE
    _printf_truncate_unsigned                0x00000000   Number         0  stubs.o ABSOLUTE
    _printf_u                                0x00000000   Number         0  stubs.o ABSOLUTE
    _printf_wc                               0x00000000   Number         0  stubs.o ABSOLUTE
    _printf_wctomb                           0x00000000   Number         0  stubs.o ABSOLUTE
    _printf_widthprec                        0x00000000   Number         0  stubs.o ABSOLUTE
    _printf_x                                0x00000000   Number         0  stubs.o ABSOLUTE
    __cpp_initialize__aeabi_                  - Undefined Weak Reference
    __cxa_finalize                            - Undefined Weak Reference
    __decompress                              - Undefined Weak Reference
    _clock_init                               - Undefined Weak Reference
    _microlib_exit                            - Undefined Weak Reference
    __Vectors_Size                           0x000000ec   Number         0  startup_stm32f10x_md.o ABSOLUTE
    __Vectors                                0x08000000   Data           4  startup_stm32f10x_md.o(RESET)
    __Vectors_End                            0x080000ec   Data           0  startup_stm32f10x_md.o(RESET)
    __main                                   0x080000ed   Thumb Code     0  entry.o(.ARM.Collect$$$$00000000)
    _main_stk                                0x080000ed   Thumb Code     0  entry2.o(.ARM.Collect$$$$00000001)
    _main_scatterload                        0x080000f1   Thumb Code     0  entry5.o(.ARM.Collect$$$$00000004)
    __main_after_scatterload                 0x080000f5   Thumb Code     0  entry5.o(.ARM.Collect$$$$00000004)
    _main_clock                              0x080000f5   Thumb Code     0  entry7b.o(.ARM.Collect$$$$00000008)
    _main_cpp_init                           0x080000f5   Thumb Code     0  entry8b.o(.ARM.Collect$$$$0000000A)
    _main_init                               0x080000f5   Thumb Code     0  entry9a.o(.ARM.Collect$$$$0000000B)
    __rt_final_cpp                           0x080000fd   Thumb Code     0  entry10a.o(.ARM.Collect$$$$0000000D)
    __rt_final_exit                          0x080000fd   Thumb Code     0  entry11a.o(.ARM.Collect$$$$0000000F)
    Reset_Handler                            0x08000101   Thumb Code     4  startup_stm32f10x_md.o(.text)
    ADC1_2_IRQHandler                        0x08000117   Thumb Code     0  startup_stm32f10x_md.o(.text)
    CAN1_RX1_IRQHandler                      0x08000117   Thumb Code     0  startup_stm32f10x_md.o(.text)
    CAN1_SCE_IRQHandler                      0x08000117   Thumb Code     0  startup_stm32f10x_md.o(.text)
    DMA1_Channel1_IRQHandler                 0x08000117   Thumb Code     0  startup_stm32f10x_md.o(.text)
    DMA1_Channel2_IRQHandler                 0x08000117   Thumb Code     0  startup_stm32f10x_md.o(.text)
    DMA1_Channel3_IRQHandler                 0x08000117   Thumb Code     0  startup_stm32f10x_md.o(.text)
    DMA1_Channel4_IRQHandler                 0x08000117   Thumb Code     0  startup_stm32f10x_md.o(.text)
    DMA1_Channel5_IRQHandler                 0x08000117   Thumb Code     0  startup_stm32f10x_md.o(.text)
    DMA1_Channel6_IRQHandler                 0x08000117   Thumb Code     0  startup_stm32f10x_md.o(.text)
    DMA1_Channel7_IRQHandler                 0x08000117   Thumb Code     0  startup_stm32f10x_md.o(.text)
    EXTI0_IRQHandler                         0x08000117   Thumb Code     0  startup_stm32f10x_md.o(.text)
    EXTI1_IRQHandler                         0x08000117   Thumb Code     0  startup_stm32f10x_md.o(.text)
    EXTI2_IRQHandler                         0x08000117   Thumb Code     0  startup_stm32f10x_md.o(.text)
    EXTI3_IRQHandler                         0x08000117   Thumb Code     0  startup_stm32f10x_md.o(.text)
    EXTI4_IRQHandler                         0x08000117   Thumb Code     0  startup_stm32f10x_md.o(.text)
    EXTI9_5_IRQHandler                       0x08000117   Thumb Code     0  startup_stm32f10x_md.o(.text)
    FLASH_IRQHandler                         0x08000117   Thumb Code     0  startup_stm32f10x_md.o(.text)
    I2C1_ER_IRQHandler                       0x08000117   Thumb Code     0  startup_stm32f10x_md.o(.text)
    I2C1_EV_IRQHandler                       0x08000117   Thumb Code     0  startup_stm32f10x_md.o(.text)
    I2C2_ER_IRQHandler                       0x08000117   Thumb Code     0  startup_stm32f10x_md.o(.text)
    I2C2_EV_IRQHandler                       0x08000117   Thumb Code     0  startup_stm32f10x_md.o(.text)
    PVD_IRQHandler                           0x08000117   Thumb Code     0  startup_stm32f10x_md.o(.text)
    RCC_IRQHandler                           0x08000117   Thumb Code     0  startup_stm32f10x_md.o(.text)
    RTCAlarm_IRQHandler                      0x08000117   Thumb Code     0  startup_stm32f10x_md.o(.text)
    RTC_IRQHandler                           0x08000117   Thumb Code     0  startup_stm32f10x_md.o(.text)
    SPI1_IRQHandler                          0x08000117   Thumb Code     0  startup_stm32f10x_md.o(.text)
    SPI2_IRQHandler                          0x08000117   Thumb Code     0  startup_stm32f10x_md.o(.text)
    TAMPER_IRQHandler                        0x08000117   Thumb Code     0  startup_stm32f10x_md.o(.text)
    TIM1_BRK_IRQHandler                      0x08000117   Thumb Code     0  startup_stm32f10x_md.o(.text)
    TIM1_CC_IRQHandler                       0x08000117   Thumb Code     0  startup_stm32f10x_md.o(.text)
    TIM1_TRG_COM_IRQHandler                  0x08000117   Thumb Code     0  startup_stm32f10x_md.o(.text)
    TIM1_UP_IRQHandler                       0x08000117   Thumb Code     0  startup_stm32f10x_md.o(.text)
    TIM3_IRQHandler                          0x08000117   Thumb Code     0  startup_stm32f10x_md.o(.text)
    TIM4_IRQHandler                          0x08000117   Thumb Code     0  startup_stm32f10x_md.o(.text)
    USART1_IRQHandler                        0x08000117   Thumb Code     0  startup_stm32f10x_md.o(.text)
    USART2_IRQHandler                        0x08000117   Thumb Code     0  startup_stm32f10x_md.o(.text)
    USART3_IRQHandler                        0x08000117   Thumb Code     0  startup_stm32f10x_md.o(.text)
    USBWakeUp_IRQHandler                     0x08000117   Thumb Code     0  startup_stm32f10x_md.o(.text)
    USB_HP_CAN1_TX_IRQHandler                0x08000117   Thumb Code     0  startup_stm32f10x_md.o(.text)
    USB_LP_CAN1_RX0_IRQHandler               0x08000117   Thumb Code     0  startup_stm32f10x_md.o(.text)
    WWDG_IRQHandler                          0x08000117   Thumb Code     0  startup_stm32f10x_md.o(.text)
    SystemInit                               0x08000201   Thumb Code    68  system_stm32f10x.o(.text)
    NVIC_PriorityGroupConfig                 0x08000255   Thumb Code    10  misc.o(.text)
    NVIC_Init                                0x0800025f   Thumb Code   100  misc.o(.text)
    NVIC_SetVectorTable                      0x080002c3   Thumb Code    14  misc.o(.text)
    NVIC_SystemLPConfig                      0x080002d1   Thumb Code    34  misc.o(.text)
    SysTick_CLKSourceConfig                  0x080002f3   Thumb Code    40  misc.o(.text)
    GPIO_DeInit                              0x08000331   Thumb Code   188  stm32f10x_gpio.o(.text)
    GPIO_AFIODeInit                          0x080003ed   Thumb Code    20  stm32f10x_gpio.o(.text)
    GPIO_Init                                0x08000401   Thumb Code   278  stm32f10x_gpio.o(.text)
    GPIO_StructInit                          0x08000517   Thumb Code    16  stm32f10x_gpio.o(.text)
    GPIO_ReadInputDataBit                    0x08000527   Thumb Code    18  stm32f10x_gpio.o(.text)
    GPIO_ReadInputData                       0x08000539   Thumb Code     8  stm32f10x_gpio.o(.text)
    GPIO_ReadOutputDataBit                   0x08000541   Thumb Code    18  stm32f10x_gpio.o(.text)
    GPIO_ReadOutputData                      0x08000553   Thumb Code     8  stm32f10x_gpio.o(.text)
    GPIO_SetBits                             0x0800055b   Thumb Code     4  stm32f10x_gpio.o(.text)
    GPIO_ResetBits                           0x0800055f   Thumb Code     4  stm32f10x_gpio.o(.text)
    GPIO_WriteBit                            0x08000563   Thumb Code    10  stm32f10x_gpio.o(.text)
    GPIO_Write                               0x0800056d   Thumb Code     4  stm32f10x_gpio.o(.text)
    GPIO_PinLockConfig                       0x08000571   Thumb Code    18  stm32f10x_gpio.o(.text)
    GPIO_EventOutputConfig                   0x08000583   Thumb Code    26  stm32f10x_gpio.o(.text)
    GPIO_EventOutputCmd                      0x0800059d   Thumb Code     6  stm32f10x_gpio.o(.text)
    GPIO_PinRemapConfig                      0x080005a3   Thumb Code   106  stm32f10x_gpio.o(.text)
    GPIO_EXTILineConfig                      0x0800060d   Thumb Code    66  stm32f10x_gpio.o(.text)
    RCC_DeInit                               0x08000661   Thumb Code    62  stm32f10x_rcc.o(.text)
    RCC_HSEConfig                            0x0800069f   Thumb Code    70  stm32f10x_rcc.o(.text)
    RCC_GetFlagStatus                        0x080006e5   Thumb Code    56  stm32f10x_rcc.o(.text)
    RCC_WaitForHSEStartUp                    0x0800071d   Thumb Code    54  stm32f10x_rcc.o(.text)
    RCC_AdjustHSICalibrationValue            0x08000753   Thumb Code    20  stm32f10x_rcc.o(.text)
    RCC_HSICmd                               0x08000767   Thumb Code     6  stm32f10x_rcc.o(.text)
    RCC_PLLConfig                            0x0800076d   Thumb Code    24  stm32f10x_rcc.o(.text)
    RCC_PLLCmd                               0x08000785   Thumb Code     6  stm32f10x_rcc.o(.text)
    RCC_SYSCLKConfig                         0x0800078b   Thumb Code    18  stm32f10x_rcc.o(.text)
    RCC_GetSYSCLKSource                      0x0800079d   Thumb Code    10  stm32f10x_rcc.o(.text)
    RCC_HCLKConfig                           0x080007a7   Thumb Code    18  stm32f10x_rcc.o(.text)
    RCC_PCLK1Config                          0x080007b9   Thumb Code    18  stm32f10x_rcc.o(.text)
    RCC_PCLK2Config                          0x080007cb   Thumb Code    20  stm32f10x_rcc.o(.text)
    RCC_ITConfig                             0x080007df   Thumb Code    26  stm32f10x_rcc.o(.text)
    RCC_USBCLKConfig                         0x080007f9   Thumb Code     8  stm32f10x_rcc.o(.text)
    RCC_ADCCLKConfig                         0x08000801   Thumb Code    18  stm32f10x_rcc.o(.text)
    RCC_LSEConfig                            0x08000813   Thumb Code    50  stm32f10x_rcc.o(.text)
    RCC_LSICmd                               0x08000845   Thumb Code     6  stm32f10x_rcc.o(.text)
    RCC_RTCCLKConfig                         0x0800084b   Thumb Code    12  stm32f10x_rcc.o(.text)
    RCC_RTCCLKCmd                            0x08000857   Thumb Code     8  stm32f10x_rcc.o(.text)
    RCC_GetClocksFreq                        0x0800085f   Thumb Code   192  stm32f10x_rcc.o(.text)
    RCC_AHBPeriphClockCmd                    0x0800091f   Thumb Code    26  stm32f10x_rcc.o(.text)
    RCC_APB2PeriphClockCmd                   0x08000939   Thumb Code    26  stm32f10x_rcc.o(.text)
    RCC_APB1PeriphClockCmd                   0x08000953   Thumb Code    26  stm32f10x_rcc.o(.text)
    RCC_APB2PeriphResetCmd                   0x0800096d   Thumb Code    26  stm32f10x_rcc.o(.text)
    RCC_APB1PeriphResetCmd                   0x08000987   Thumb Code    26  stm32f10x_rcc.o(.text)
    RCC_BackupResetCmd                       0x080009a1   Thumb Code     8  stm32f10x_rcc.o(.text)
    RCC_ClockSecuritySystemCmd               0x080009a9   Thumb Code     6  stm32f10x_rcc.o(.text)
    RCC_MCOConfig                            0x080009af   Thumb Code     6  stm32f10x_rcc.o(.text)
    RCC_ClearFlag                            0x080009b5   Thumb Code    14  stm32f10x_rcc.o(.text)
    RCC_GetITStatus                          0x080009c3   Thumb Code    20  stm32f10x_rcc.o(.text)
    RCC_ClearITPendingBit                    0x080009d7   Thumb Code     6  stm32f10x_rcc.o(.text)
    USART_DeInit                             0x08000a01   Thumb Code   146  stm32f10x_usart.o(.text)
    USART_Init                               0x08000a93   Thumb Code   150  stm32f10x_usart.o(.text)
    USART_StructInit                         0x08000b29   Thumb Code    24  stm32f10x_usart.o(.text)
    USART_ClockInit                          0x08000b41   Thumb Code    34  stm32f10x_usart.o(.text)
    USART_ClockStructInit                    0x08000b63   Thumb Code    12  stm32f10x_usart.o(.text)
    USART_Cmd                                0x08000b6f   Thumb Code    24  stm32f10x_usart.o(.text)
    USART_ITConfig                           0x08000b87   Thumb Code    64  stm32f10x_usart.o(.text)
    USART_DMACmd                             0x08000bc7   Thumb Code    18  stm32f10x_usart.o(.text)
    USART_SetAddress                         0x08000bd9   Thumb Code    18  stm32f10x_usart.o(.text)
    USART_WakeUpConfig                       0x08000beb   Thumb Code    18  stm32f10x_usart.o(.text)
    USART_ReceiverWakeUpCmd                  0x08000bfd   Thumb Code    24  stm32f10x_usart.o(.text)
    USART_LINBreakDetectLengthConfig         0x08000c15   Thumb Code    18  stm32f10x_usart.o(.text)
    USART_LINCmd                             0x08000c27   Thumb Code    24  stm32f10x_usart.o(.text)
    USART_SendData                           0x08000c3f   Thumb Code     8  stm32f10x_usart.o(.text)
    USART_ReceiveData                        0x08000c47   Thumb Code    10  stm32f10x_usart.o(.text)
    USART_SendBreak                          0x08000c51   Thumb Code    10  stm32f10x_usart.o(.text)
    USART_SetGuardTime                       0x08000c5b   Thumb Code    16  stm32f10x_usart.o(.text)
    USART_SetPrescaler                       0x08000c6b   Thumb Code    16  stm32f10x_usart.o(.text)
    USART_SmartCardCmd                       0x08000c7b   Thumb Code    24  stm32f10x_usart.o(.text)
    USART_SmartCardNACKCmd                   0x08000c93   Thumb Code    24  stm32f10x_usart.o(.text)
    USART_HalfDuplexCmd                      0x08000cab   Thumb Code    24  stm32f10x_usart.o(.text)
    USART_IrDAConfig                         0x08000cc3   Thumb Code    18  stm32f10x_usart.o(.text)
    USART_IrDACmd                            0x08000cd5   Thumb Code    24  stm32f10x_usart.o(.text)
    USART_GetFlagStatus                      0x08000ced   Thumb Code    18  stm32f10x_usart.o(.text)
    USART_ClearFlag                          0x08000cff   Thumb Code     6  stm32f10x_usart.o(.text)
    USART_GetITStatus                        0x08000d05   Thumb Code    76  stm32f10x_usart.o(.text)
    USART_ClearITPendingBit                  0x08000d51   Thumb Code    20  stm32f10x_usart.o(.text)
    SPI_I2S_DeInit                           0x08000d71   Thumb Code    88  stm32f10x_spi.o(.text)
    SPI_Init                                 0x08000dc9   Thumb Code    60  stm32f10x_spi.o(.text)
    I2S_Init                                 0x08000e05   Thumb Code   210  stm32f10x_spi.o(.text)
    SPI_StructInit                           0x08000ed7   Thumb Code    24  stm32f10x_spi.o(.text)
    I2S_StructInit                           0x08000eef   Thumb Code    20  stm32f10x_spi.o(.text)
    SPI_Cmd                                  0x08000f03   Thumb Code    24  stm32f10x_spi.o(.text)
    I2S_Cmd                                  0x08000f1b   Thumb Code    24  stm32f10x_spi.o(.text)
    SPI_I2S_ITConfig                         0x08000f33   Thumb Code    32  stm32f10x_spi.o(.text)
    SPI_I2S_DMACmd                           0x08000f53   Thumb Code    18  stm32f10x_spi.o(.text)
    SPI_I2S_SendData                         0x08000f65   Thumb Code     4  stm32f10x_spi.o(.text)
    SPI_I2S_ReceiveData                      0x08000f69   Thumb Code     6  stm32f10x_spi.o(.text)
    SPI_NSSInternalSoftwareConfig            0x08000f6f   Thumb Code    30  stm32f10x_spi.o(.text)
    SPI_SSOutputCmd                          0x08000f8d   Thumb Code    24  stm32f10x_spi.o(.text)
    SPI_DataSizeConfig                       0x08000fa5   Thumb Code    18  stm32f10x_spi.o(.text)
    SPI_TransmitCRC                          0x08000fb7   Thumb Code    10  stm32f10x_spi.o(.text)
    SPI_CalculateCRC                         0x08000fc1   Thumb Code    24  stm32f10x_spi.o(.text)
    SPI_GetCRC                               0x08000fd9   Thumb Code    16  stm32f10x_spi.o(.text)
    SPI_GetCRCPolynomial                     0x08000fe9   Thumb Code     6  stm32f10x_spi.o(.text)
    SPI_BiDirectionalLineConfig              0x08000fef   Thumb Code    28  stm32f10x_spi.o(.text)
    SPI_I2S_GetFlagStatus                    0x0800100b   Thumb Code    18  stm32f10x_spi.o(.text)
    SPI_I2S_ClearFlag                        0x0800101d   Thumb Code     6  stm32f10x_spi.o(.text)
    SPI_I2S_GetITStatus                      0x08001023   Thumb Code    52  stm32f10x_spi.o(.text)
    SPI_I2S_ClearITPendingBit                0x08001057   Thumb Code    20  stm32f10x_spi.o(.text)
    DMA_DeInit                               0x08001071   Thumb Code   306  stm32f10x_dma.o(.text)
    DMA_Init                                 0x080011a3   Thumb Code    60  stm32f10x_dma.o(.text)
    DMA_StructInit                           0x080011df   Thumb Code    26  stm32f10x_dma.o(.text)
    DMA_Cmd                                  0x080011f9   Thumb Code    22  stm32f10x_dma.o(.text)
    DMA_ITConfig                             0x0800120f   Thumb Code    18  stm32f10x_dma.o(.text)
    DMA_GetCurrDataCounter                   0x08001221   Thumb Code     8  stm32f10x_dma.o(.text)
    DMA_GetFlagStatus                        0x08001229   Thumb Code    40  stm32f10x_dma.o(.text)
    DMA_ClearFlag                            0x08001251   Thumb Code    20  stm32f10x_dma.o(.text)
    DMA_GetITStatus                          0x08001265   Thumb Code    40  stm32f10x_dma.o(.text)
    DMA_ClearITPendingBit                    0x0800128d   Thumb Code    20  stm32f10x_dma.o(.text)
    ADC_DeInit                               0x080012b1   Thumb Code    90  stm32f10x_adc.o(.text)
    ADC_Init                                 0x0800130b   Thumb Code    70  stm32f10x_adc.o(.text)
    ADC_StructInit                           0x08001351   Thumb Code    18  stm32f10x_adc.o(.text)
    ADC_Cmd                                  0x08001363   Thumb Code    22  stm32f10x_adc.o(.text)
    ADC_DMACmd                               0x08001379   Thumb Code    22  stm32f10x_adc.o(.text)
    ADC_ITConfig                             0x0800138f   Thumb Code    24  stm32f10x_adc.o(.text)
    ADC_ResetCalibration                     0x080013a7   Thumb Code    10  stm32f10x_adc.o(.text)
    ADC_GetResetCalibrationStatus            0x080013b1   Thumb Code    20  stm32f10x_adc.o(.text)
    ADC_StartCalibration                     0x080013c5   Thumb Code    10  stm32f10x_adc.o(.text)
    ADC_GetCalibrationStatus                 0x080013cf   Thumb Code    20  stm32f10x_adc.o(.text)
    ADC_SoftwareStartConvCmd                 0x080013e3   Thumb Code    22  stm32f10x_adc.o(.text)
    ADC_GetSoftwareStartConvStatus           0x080013f9   Thumb Code    20  stm32f10x_adc.o(.text)
    ADC_DiscModeChannelCountConfig           0x0800140d   Thumb Code    24  stm32f10x_adc.o(.text)
    ADC_DiscModeCmd                          0x08001425   Thumb Code    22  stm32f10x_adc.o(.text)
    ADC_RegularChannelConfig                 0x0800143b   Thumb Code   184  stm32f10x_adc.o(.text)
    ADC_ExternalTrigConvCmd                  0x080014f3   Thumb Code    22  stm32f10x_adc.o(.text)
    ADC_GetConversionValue                   0x08001509   Thumb Code     8  stm32f10x_adc.o(.text)
    ADC_GetDualModeConversionValue           0x08001511   Thumb Code     6  stm32f10x_adc.o(.text)
    ADC_AutoInjectedConvCmd                  0x08001517   Thumb Code    22  stm32f10x_adc.o(.text)
    ADC_InjectedDiscModeCmd                  0x0800152d   Thumb Code    22  stm32f10x_adc.o(.text)
    ADC_ExternalTrigInjectedConvConfig       0x08001543   Thumb Code    16  stm32f10x_adc.o(.text)
    ADC_ExternalTrigInjectedConvCmd          0x08001553   Thumb Code    22  stm32f10x_adc.o(.text)
    ADC_SoftwareStartInjectedConvCmd         0x08001569   Thumb Code    22  stm32f10x_adc.o(.text)
    ADC_GetSoftwareStartInjectedConvCmdStatus 0x0800157f   Thumb Code    20  stm32f10x_adc.o(.text)
    ADC_InjectedChannelConfig                0x08001593   Thumb Code   130  stm32f10x_adc.o(.text)
    ADC_InjectedSequencerLengthConfig        0x08001615   Thumb Code    24  stm32f10x_adc.o(.text)
    ADC_SetInjectedOffset                    0x0800162d   Thumb Code     4  stm32f10x_adc.o(.text)
    ADC_GetInjectedConversionValue           0x08001631   Thumb Code    10  stm32f10x_adc.o(.text)
    ADC_AnalogWatchdogCmd                    0x0800163b   Thumb Code    16  stm32f10x_adc.o(.text)
    ADC_AnalogWatchdogThresholdsConfig       0x0800164b   Thumb Code     6  stm32f10x_adc.o(.text)
    ADC_AnalogWatchdogSingleChannelConfig    0x08001651   Thumb Code    16  stm32f10x_adc.o(.text)
    ADC_TempSensorVrefintCmd                 0x08001661   Thumb Code    38  stm32f10x_adc.o(.text)
    ADC_GetFlagStatus                        0x08001687   Thumb Code    38  stm32f10x_adc.o(.text)
    ADC_ClearFlag                            0x080016ad   Thumb Code     6  stm32f10x_adc.o(.text)
    ADC_GetITStatus                          0x080016b3   Thumb Code    36  stm32f10x_adc.o(.text)
    ADC_ClearITPendingBit                    0x080016d7   Thumb Code    10  stm32f10x_adc.o(.text)
    EXTI_DeInit                              0x080016e1   Thumb Code    28  stm32f10x_exti.o(.text)
    EXTI_Init                                0x080016fd   Thumb Code   174  stm32f10x_exti.o(.text)
    EXTI_StructInit                          0x080017ab   Thumb Code    16  stm32f10x_exti.o(.text)
    EXTI_GenerateSWInterrupt                 0x080017bb   Thumb Code    16  stm32f10x_exti.o(.text)
    EXTI_GetFlagStatus                       0x080017cb   Thumb Code    22  stm32f10x_exti.o(.text)
    EXTI_ClearFlag                           0x080017e1   Thumb Code     8  stm32f10x_exti.o(.text)
    EXTI_GetITStatus                         0x080017e9   Thumb Code    34  stm32f10x_exti.o(.text)
    EXTI_ClearITPendingBit                   0x0800180b   Thumb Code     8  stm32f10x_exti.o(.text)
    FLASH_SetLatency                         0x08001821   Thumb Code    18  stm32f10x_flash.o(.text)
    FLASH_HalfCycleAccessCmd                 0x08001833   Thumb Code    22  stm32f10x_flash.o(.text)
    FLASH_PrefetchBufferCmd                  0x08001849   Thumb Code    22  stm32f10x_flash.o(.text)
    FLASH_Unlock                             0x0800185f   Thumb Code    12  stm32f10x_flash.o(.text)
    FLASH_Lock                               0x0800186b   Thumb Code    14  stm32f10x_flash.o(.text)
    FLASH_GetStatus                          0x08001879   Thumb Code    48  stm32f10x_flash.o(.text)
    FLASH_WaitForLastOperation               0x080018c3   Thumb Code    42  stm32f10x_flash.o(.text)
    FLASH_ErasePage                          0x080018ed   Thumb Code    76  stm32f10x_flash.o(.text)
    FLASH_EraseAllPages                      0x08001939   Thumb Code    72  stm32f10x_flash.o(.text)
    FLASH_EraseOptionBytes                   0x08001981   Thumb Code   142  stm32f10x_flash.o(.text)
    FLASH_ProgramWord                        0x08001a0f   Thumb Code   100  stm32f10x_flash.o(.text)
    FLASH_ProgramHalfWord                    0x08001a73   Thumb Code    64  stm32f10x_flash.o(.text)
    FLASH_ProgramOptionByteData              0x08001ab3   Thumb Code    72  stm32f10x_flash.o(.text)
    FLASH_EnableWriteProtection              0x08001afb   Thumb Code   182  stm32f10x_flash.o(.text)
    FLASH_ReadOutProtection                  0x08001bb1   Thumb Code   174  stm32f10x_flash.o(.text)
    FLASH_UserOptionByteConfig               0x08001c5f   Thumb Code    94  stm32f10x_flash.o(.text)
    FLASH_GetUserOptionByte                  0x08001cbd   Thumb Code     8  stm32f10x_flash.o(.text)
    FLASH_GetWriteProtectionOptionByte       0x08001cc5   Thumb Code     6  stm32f10x_flash.o(.text)
    FLASH_GetReadOutProtectionStatus         0x08001ccb   Thumb Code    20  stm32f10x_flash.o(.text)
    FLASH_GetPrefetchBufferStatus            0x08001cdf   Thumb Code    20  stm32f10x_flash.o(.text)
    FLASH_ITConfig                           0x08001cf3   Thumb Code    26  stm32f10x_flash.o(.text)
    FLASH_GetFlagStatus                      0x08001d0d   Thumb Code    42  stm32f10x_flash.o(.text)
    FLASH_ClearFlag                          0x08001d37   Thumb Code     6  stm32f10x_flash.o(.text)
    USART1_Configuration                     0x08001d4d   Thumb Code   126  usart.o(.text)
    USART1_RX_IntteruptEnable                0x08001dcb   Thumb Code    18  usart.o(.text)
    USART2_Configuration                     0x08001ddd   Thumb Code   122  usart.o(.text)
    fputc                                    0x08001e57   Thumb Code    32  usart.o(.text)
    fgetc                                    0x08001e77   Thumb Code    26  usart.o(.text)
    SysTick_Init                             0x08001e9d   Thumb Code    92  systick.o(.text)
    Delay_ms                                 0x08001ef9   Thumb Code    20  systick.o(.text)
    TimingDelay_Decrement                    0x08001f0d   Thumb Code    18  systick.o(.text)
    SPI1_SetSpeed                            0x08001f31   Thumb Code   166  spi.o(.text)
    SPI1_Init                                0x08001fd7   Thumb Code   150  spi.o(.text)
    SPI1_ReadWriteByte                       0x0800206d   Thumb Code    78  spi.o(.text)
    SPI2_Init                                0x080020bb   Thumb Code   154  spi.o(.text)
    SPI2_SetSpeed                            0x08002155   Thumb Code   166  spi.o(.text)
    SPI2_ReadWriteByte                       0x080021fb   Thumb Code    78  spi.o(.text)
    EXTI_PA11_24L01_Init                     0x08002259   Thumb Code   116  exti.o(.text)
    EXTI15_10_IRQHandler                     0x080022cd   Thumb Code    16  exti.o(.text)
    ADC1_Init                                0x08002421   Thumb Code    12  adc.o(.text)
    STMFLASH_Delayus                         0x08002441   Thumb Code    24  stmflash.o(.text)
    STMFLASH_GetStatus                       0x08002459   Thumb Code    38  stmflash.o(.text)
    STMFLASH_WaitDone                        0x0800247f   Thumb Code    42  stmflash.o(.text)
    STMFLASH_WriteHalfWord                   0x080024a9   Thumb Code    58  stmflash.o(.text)
    STMFLASH_ReadHalfWord                    0x080024e3   Thumb Code     6  stmflash.o(.text)
    STMFLASH_Write_NoCheck                   0x080024e9   Thumb Code    38  stmflash.o(.text)
    STMFLASH_Read                            0x0800250f   Thumb Code    34  stmflash.o(.text)
    STMFLASH_Write                           0x08002531   Thumb Code   222  stmflash.o(.text)
    Test_Write                               0x0800260f   Thumb Code    16  stmflash.o(.text)
    LED_GPIO_Config                          0x0800262d   Thumb Code   100  led.o(.text)
    NRF24L01_PortInit                        0x0800269d   Thumb Code    72  24l01.o(.text)
    NRF24L01_Write_Reg                       0x080026e5   Thumb Code    40  24l01.o(.text)
    NRF24L01_Read_Reg                        0x0800270d   Thumb Code    38  24l01.o(.text)
    NRF24L01_Write_Buf                       0x08002733   Thumb Code    58  24l01.o(.text)
    NRF24L01_Read_Buf                        0x0800276d   Thumb Code    60  24l01.o(.text)
    NRF24L01_TxPacket                        0x080027a9   Thumb Code    38  24l01.o(.text)
    NRF24L01_TxPacket_AP                     0x080027cf   Thumb Code    38  24l01.o(.text)
    NRF24L01_RxPacket                        0x080027f5   Thumb Code    52  24l01.o(.text)
    NRF24L01_Check                           0x08002829   Thumb Code    70  24l01.o(.text)
    NRF24L01_Init                            0x0800286f   Thumb Code   286  24l01.o(.text)
    NRF24L01_Tx                              0x0800298d   Thumb Code    32  24l01.o(.text)
    NRF24L01_Rx                              0x080029ad   Thumb Code    60  24l01.o(.text)
    NRF24L01_IRQ_Handle                      0x080029e9   Thumb Code     2  24l01.o(.text)
    KEY_GPIO_Config                          0x080029fd   Thumb Code    48  key.o(.text)
    Send_2401Dug_Pkg                         0x08002a35   Thumb Code    78  comprotocol.o(.text)
    Send_2401RC_Pkg                          0x08002a83   Thumb Code   110  comprotocol.o(.text)
    RC_Adc_Calib                             0x08002af5   Thumb Code   148  rcencode.o(.text)
    RC_Adc_to_RCdat                          0x08002b89   Thumb Code   266  rcencode.o(.text)
    RC_RCdat_pkg                             0x08002c93   Thumb Code   104  rcencode.o(.text)
    ReadSoftTimer                            0x08002d21   Thumb Code    68  timer.o(.text)
    SetSoftTimer                             0x08002d65   Thumb Code    96  timer.o(.text)
    SoftTimer                                0x08002dc5   Thumb Code   122  timer.o(.text)
    Delay                                    0x08002e55   Thumb Code    18  main.o(.text)
    BSP_Init                                 0x08002e67   Thumb Code   136  main.o(.text)
    main                                     0x08002eef   Thumb Code   218  main.o(.text)
    NMI_Handler                              0x080030c5   Thumb Code     2  stm32f10x_it.o(.text)
    HardFault_Handler                        0x080030c7   Thumb Code     4  stm32f10x_it.o(.text)
    MemManage_Handler                        0x080030cb   Thumb Code     4  stm32f10x_it.o(.text)
    BusFault_Handler                         0x080030cf   Thumb Code     4  stm32f10x_it.o(.text)
    UsageFault_Handler                       0x080030d3   Thumb Code     4  stm32f10x_it.o(.text)
    SVC_Handler                              0x080030d7   Thumb Code     2  stm32f10x_it.o(.text)
    DebugMon_Handler                         0x080030d9   Thumb Code     2  stm32f10x_it.o(.text)
    PendSV_Handler                           0x080030db   Thumb Code     2  stm32f10x_it.o(.text)
    SysTick_Handler                          0x080030dd   Thumb Code    12  stm32f10x_it.o(.text)
    TIM2_IRQHandler                          0x080030e9   Thumb Code     2  stm32f10x_it.o(.text)
    __aeabi_fadd                             0x080030eb   Thumb Code   164  fadd.o(.text)
    __aeabi_fsub                             0x0800318f   Thumb Code     6  fadd.o(.text)
    __aeabi_frsub                            0x08003195   Thumb Code     6  fadd.o(.text)
    __aeabi_fdiv                             0x0800319b   Thumb Code   124  fdiv.o(.text)
    __aeabi_i2f                              0x08003217   Thumb Code    18  fflti.o(.text)
    __aeabi_f2uiz                            0x08003229   Thumb Code    40  ffixui.o(.text)
    __aeabi_uidiv                            0x08003251   Thumb Code     0  uidiv.o(.text)
    __aeabi_uidivmod                         0x08003251   Thumb Code    44  uidiv.o(.text)
    __I$use$fp                               0x0800327d   Thumb Code     0  iusefp.o(.text)
    _float_round                             0x0800327d   Thumb Code    18  fepilogue.o(.text)
    _float_epilogue                          0x0800328f   Thumb Code    92  fepilogue.o(.text)
    __scatterload                            0x080032ed   Thumb Code    28  init.o(.text)
    __scatterload_rt2                        0x080032ed   Thumb Code     0  init.o(.text)
    __0printf$3                              0x08003311   Thumb Code    22  printf3.o(i.__0printf$3)
    __1printf$3                              0x08003311   Thumb Code     0  printf3.o(i.__0printf$3)
    __2printf                                0x08003311   Thumb Code     0  printf3.o(i.__0printf$3)
    __scatterload_copy                       0x08003331   Thumb Code    14  handlers.o(i.__scatterload_copy)
    __scatterload_null                       0x0800333f   Thumb Code     2  handlers.o(i.__scatterload_null)
    __scatterload_zeroinit                   0x08003341   Thumb Code    14  handlers.o(i.__scatterload_zeroinit)
    SystemFrequency                          0x08003508   Data           4  system_stm32f10x.o(.constdata)
    SystemFrequency_SysClk                   0x0800350c   Data           4  system_stm32f10x.o(.constdata)
    SystemFrequency_AHBClk                   0x08003510   Data           4  system_stm32f10x.o(.constdata)
    SystemFrequency_APB1Clk                  0x08003514   Data           4  system_stm32f10x.o(.constdata)
    SystemFrequency_APB2Clk                  0x08003518   Data           4  system_stm32f10x.o(.constdata)
    Region$$Table$$Base                      0x0800351c   Number         0  anon$$obj.o(Region$$Table)
    Region$$Table$$Limit                     0x0800353c   Number         0  anon$$obj.o(Region$$Table)
    TX_ADDRESS                               0x20000018   Data           5  24l01.o(.data)
    RX_ADDRESS                               0x2000001d   Data           5  24l01.o(.data)
    adc_orig                                 0x20000024   Data          12  rcencode.o(.data)
    ratio_adc_RC                             0x20000030   Data          24  rcencode.o(.data)
    RC_dat                                   0x20000048   Data          12  rcencode.o(.data)
    p_ADCval                                 0x20000054   Data           4  rcencode.o(.data)
    Timer_reg                                0x20000064   Data           1  timer.o(.data)
    Timer1_cnt                               0x20000068   Data           4  timer.o(.data)
    Timer2_cnt                               0x2000006c   Data           4  timer.o(.data)
    Timer3_cnt                               0x20000070   Data           4  timer.o(.data)
    Timer4_cnt                               0x20000074   Data           4  timer.o(.data)
    __stdout                                 0x20000078   Data           4  stdout.o(.data)
    ADC_ConvertedValue                       0x2000007c   Data          10  adc.o(.bss)
    STMFLASH_BUF                             0x20000086   Data        1024  stmflash.o(.bss)
    BUF_R                                    0x20000486   Data          32  comprotocol.o(.bss)
    BUF_T                                    0x200004a6   Data          32  comprotocol.o(.bss)
    FlashWbuf                                0x200004d8   Data         100  flash.o(.bss)
    FlashRbuf                                0x2000053c   Data         100  flash.o(.bss)
    __initial_sp                             0x200007a0   Data           0  startup_stm32f10x_md.o(STACK)



==============================================================================

Memory Map of the image

  Image Entry point : 0x080000ed

  Load Region LR_IROM1 (Base: 0x08000000, Size: 0x000035b8, Max: 0x00010000, ABSOLUTE)

    Execution Region ER_IROM1 (Base: 0x08000000, Size: 0x0000353c, Max: 0x00010000, ABSOLUTE)

    Base Addr    Size         Type   Attr      Idx    E Section Name        Object

    0x08000000   0x000000ec   Data   RO            3    RESET               startup_stm32f10x_md.o
    0x080000ec   0x00000000   Code   RO          479  * .ARM.Collect$$$$00000000  mc_w.l(entry.o)
    0x080000ec   0x00000004   Code   RO          751    .ARM.Collect$$$$00000001  mc_w.l(entry2.o)
    0x080000f0   0x00000004   Code   RO          754    .ARM.Collect$$$$00000004  mc_w.l(entry5.o)
    0x080000f4   0x00000000   Code   RO          756    .ARM.Collect$$$$00000008  mc_w.l(entry7b.o)
    0x080000f4   0x00000000   Code   RO          758    .ARM.Collect$$$$0000000A  mc_w.l(entry8b.o)
    0x080000f4   0x00000008   Code   RO          759    .ARM.Collect$$$$0000000B  mc_w.l(entry9a.o)
    0x080000fc   0x00000000   Code   RO          761    .ARM.Collect$$$$0000000D  mc_w.l(entry10a.o)
    0x080000fc   0x00000000   Code   RO          763    .ARM.Collect$$$$0000000F  mc_w.l(entry11a.o)
    0x080000fc   0x00000004   Code   RO          752    .ARM.Collect$$$$00002712  mc_w.l(entry2.o)
    0x08000100   0x0000001c   Code   RO            4    .text               startup_stm32f10x_md.o
    0x0800011c   0x00000138   Code   RO           24    .text               system_stm32f10x.o
    0x08000254   0x000000dc   Code   RO           81    .text               misc.o
    0x08000330   0x00000330   Code   RO           97    .text               stm32f10x_gpio.o
    0x08000660   0x000003a0   Code   RO          109    .text               stm32f10x_rcc.o
    0x08000a00   0x00000370   Code   RO          123    .text               stm32f10x_usart.o
    0x08000d70   0x00000300   Code   RO          147    .text               stm32f10x_spi.o
    0x08001070   0x00000240   Code   RO          159    .text               stm32f10x_dma.o
    0x080012b0   0x00000430   Code   RO          171    .text               stm32f10x_adc.o
    0x080016e0   0x00000140   Code   RO          183    .text               stm32f10x_exti.o
    0x08001820   0x0000052c   Code   RO          195    .text               stm32f10x_flash.o
    0x08001d4c   0x00000150   Code   RO          207    .text               usart.o
    0x08001e9c   0x00000094   Code   RO          226    .text               systick.o
    0x08001f30   0x00000328   Code   RO          246    .text               spi.o
    0x08002258   0x00000088   Code   RO          261    .text               exti.o
    0x080022e0   0x00000160   Code   RO          282    .text               adc.o
    0x08002440   0x000001ec   Code   RO          300    .text               stmflash.o
    0x0800262c   0x00000070   Code   RO          318    .text               led.o
    0x0800269c   0x00000360   Code   RO          330    .text               24l01.o
    0x080029fc   0x00000038   Code   RO          345    .text               key.o
    0x08002a34   0x000000c0   Code   RO          360    .text               comprotocol.o
    0x08002af4   0x0000022c   Code   RO          383    .text               rcencode.o
    0x08002d20   0x00000134   Code   RO          409    .text               timer.o
    0x08002e54   0x00000270   Code   RO          440    .text               main.o
    0x080030c4   0x00000026   Code   RO          464    .text               stm32f10x_it.o
    0x080030ea   0x000000b0   Code   RO          743    .text               mf_w.l(fadd.o)
    0x0800319a   0x0000007c   Code   RO          745    .text               mf_w.l(fdiv.o)
    0x08003216   0x00000012   Code   RO          747    .text               mf_w.l(fflti.o)
    0x08003228   0x00000028   Code   RO          749    .text               mf_w.l(ffixui.o)
    0x08003250   0x0000002c   Code   RO          766    .text               mc_w.l(uidiv.o)
    0x0800327c   0x00000000   Code   RO          770    .text               mc_w.l(iusefp.o)
    0x0800327c   0x0000006e   Code   RO          771    .text               mf_w.l(fepilogue.o)
    0x080032ea   0x00000002   PAD
    0x080032ec   0x00000024   Code   RO          783    .text               mc_w.l(init.o)
    0x08003310   0x00000020   Code   RO          571    i.__0printf$3       mc_w.l(printf3.o)
    0x08003330   0x0000000e   Code   RO          795    i.__scatterload_copy  mc_w.l(handlers.o)
    0x0800333e   0x00000002   Code   RO          796    i.__scatterload_null  mc_w.l(handlers.o)
    0x08003340   0x0000000e   Code   RO          797    i.__scatterload_zeroinit  mc_w.l(handlers.o)
    0x0800334e   0x00000002   PAD
    0x08003350   0x000001b8   Code   RO          578    i._printf_core      mc_w.l(printf3.o)
    0x08003508   0x00000014   Data   RO           25    .constdata          system_stm32f10x.o
    0x0800351c   0x00000020   Data   RO          793    Region$$Table       anon$$obj.o


    Execution Region RW_IRAM1 (Base: 0x20000000, Size: 0x000007a0, Max: 0x00005000, ABSOLUTE)

    Base Addr    Size         Type   Attr      Idx    E Section Name        Object

    0x20000000   0x00000014   Data   RW          110    .data               stm32f10x_rcc.o
    0x20000014   0x00000004   Data   RW          227    .data               systick.o
    0x20000018   0x0000000a   Data   RW          331    .data               24l01.o
    0x20000022   0x00000002   PAD
    0x20000024   0x0000003e   Data   RW          385    .data               rcencode.o
    0x20000062   0x00000002   PAD
    0x20000064   0x00000014   Data   RW          410    .data               timer.o
    0x20000078   0x00000004   Data   RW          765    .data               mc_w.l(stdout.o)
    0x2000007c   0x0000000a   Zero   RW          283    .bss                adc.o
    0x20000086   0x00000400   Zero   RW          301    .bss                stmflash.o
    0x20000486   0x00000040   Zero   RW          361    .bss                comprotocol.o
    0x200004c6   0x00000002   PAD
    0x200004c8   0x00000010   Zero   RW          384    .bss                rcencode.o
    0x200004d8   0x000000c8   Zero   RW          427    .bss                flash.o
    0x200005a0   0x00000200   Zero   RW            1    STACK               startup_stm32f10x_md.o


==============================================================================

Image component sizes


      Code (inc. data)   RO Data    RW Data    ZI Data      Debug   Object Name

       864         18          0         10          0       4004   24l01.o
       352         20          0          0         10       1425   adc.o
       192          4          0          0         64       2017   comprotocol.o
         0          0          0          0          0       4520   core_cm3.o
       136          4          0          0          0        720   exti.o
         0          0          0          0        200        570   flash.o
        56          8          0          0          0        470   key.o
       112         12          0          0          0        506   led.o
       624        252          0          0          0       1394   main.o
       220         22          0          0          0       1729   misc.o
       556         38          0         62         16       2316   rcencode.o
       808         16          0          0          0       1988   spi.o
        28          4        236          0        512        820   startup_stm32f10x_md.o
      1072         20          0          0          0      10665   stm32f10x_adc.o
       576         16          0          0          0       3447   stm32f10x_dma.o
       320         14          0          0          0       2115   stm32f10x_exti.o
      1324         34          0          0          0       7074   stm32f10x_flash.o
       816         18          0          0          0       5099   stm32f10x_gpio.o
        38          0          0          0          0       1374   stm32f10x_it.o
       928         36          0         20          0       8720   stm32f10x_rcc.o
       768          6          0          0          0       6242   stm32f10x_spi.o
       880         12          0          0          0       7711   stm32f10x_usart.o
       492         14          0          0       1024       3403   stmflash.o
       312         16         20          0          0     256897   system_stm32f10x.o
       148         18          0          4          0       5698   systick.o
       308         22          0         20          0       1331   timer.o
       336         12          0          0          0       2970   usart.o

    ----------------------------------------------------------------------
     12266        636        288        120       1828     345225   Object Totals
         0          0         32          0          0          0   (incl. Generated)
         0          0          0          4          2          0   (incl. Padding)

    ----------------------------------------------------------------------

      Code (inc. data)   RO Data    RW Data    ZI Data      Debug   Library Member Name

         0          0          0          0          0          0   entry.o
         0          0          0          0          0          0   entry10a.o
         0          0          0          0          0          0   entry11a.o
         8          4          0          0          0          0   entry2.o
         4          0          0          0          0          0   entry5.o
         0          0          0          0          0          0   entry7b.o
         0          0          0          0          0          0   entry8b.o
         8          4          0          0          0          0   entry9a.o
        30          0          0          0          0          0   handlers.o
        36          8          0          0          0         68   init.o
         0          0          0          0          0          0   iusefp.o
       472         14          0          0          0        184   printf3.o
         0          0          0          4          0          0   stdout.o
        44          0          0          0          0         80   uidiv.o
       176          0          0          0          0        140   fadd.o
       124          0          0          0          0         88   fdiv.o
       110          0          0          0          0        168   fepilogue.o
        40          0          0          0          0         68   ffixui.o
        18          0          0          0          0         68   fflti.o

    ----------------------------------------------------------------------
      1074         30          0          4          0        864   Library Totals
         4          0          0          0          0          0   (incl. Padding)

    ----------------------------------------------------------------------

      Code (inc. data)   RO Data    RW Data    ZI Data      Debug   Library Name

       602         30          0          4          0        332   mc_w.l
       468          0          0          0          0        532   mf_w.l

    ----------------------------------------------------------------------
      1074         30          0          4          0        864   Library Totals

    ----------------------------------------------------------------------

==============================================================================


      Code (inc. data)   RO Data    RW Data    ZI Data      Debug   

     13340        666        288        124       1828     343589   Grand Totals
     13340        666        288        124       1828     343589   ELF Image Totals
     13340        666        288        124          0          0   ROM Totals

==============================================================================

    Total RO  Size (Code + RO Data)                13628 (  13.31kB)
    Total RW  Size (RW Data + ZI Data)              1952 (   1.91kB)
    Total ROM Size (Code + RO Data + RW Data)      13752 (  13.43kB)

==============================================================================

